[2026-09-06T02:01:31.872+0000] {processor.py:161} INFO - Started process (PID=161) to work on /opt/airflow/dags/accident_etl_dag.py
[2026-09-06T02:01:31.877+0000] {processor.py:830} INFO - Processing file /opt/airflow/dags/accident_etl_dag.py for tasks to queue
[2026-09-06T02:01:31.880+0000] {logging_mixin.py:188} INFO - [2026-09-06T02:01:31.879+0000] {dagbag.py:538} INFO - Filling up the DagBag from /opt/airflow/dags/accident_etl_dag.py
[2026-09-06T02:01:42.328+0000] {processor.py:840} INFO - DAG(s) 'road_accident_risk_pipeline' retrieved from /opt/airflow/dags/accident_etl_dag.py
[2026-09-06T02:01:42.540+0000] {logging_mixin.py:188} INFO - [2026-09-06T02:01:42.539+0000] {dag.py:3036} INFO - Sync 1 DAGs
[2026-09-06T02:01:42.600+0000] {logging_mixin.py:188} INFO - [2026-09-06T02:01:42.599+0000] {dag.py:3823} INFO - Setting next_dagrun for road_accident_risk_pipeline to 2026-08-31 08:00:00+00:00, run_after=2026-09-07 08:00:00+00:00
[2026-09-06T02:01:42.641+0000] {processor.py:183} INFO - Processing /opt/airflow/dags/accident_etl_dag.py took 10.779 seconds
[2026-09-06T02:02:12.888+0000] {processor.py:161} INFO - Started process (PID=167) to work on /opt/airflow/dags/accident_etl_dag.py
[2026-09-06T02:02:12.889+0000] {processor.py:830} INFO - Processing file /opt/airflow/dags/accident_etl_dag.py for tasks to queue
[2026-09-06T02:02:12.890+0000] {logging_mixin.py:188} INFO - [2026-09-06T02:02:12.889+0000] {dagbag.py:538} INFO - Filling up the DagBag from /opt/airflow/dags/accident_etl_dag.py
[2026-09-06T02:02:13.264+0000] {processor.py:840} INFO - DAG(s) 'road_accident_risk_pipeline' retrieved from /opt/airflow/dags/accident_etl_dag.py
[2026-09-06T02:02:13.291+0000] {logging_mixin.py:188} INFO - [2026-09-06T02:02:13.291+0000] {dag.py:3036} INFO - Sync 1 DAGs
[2026-09-06T02:02:13.311+0000] {logging_mixin.py:188} INFO - [2026-09-06T02:02:13.311+0000] {dag.py:3823} INFO - Setting next_dagrun for road_accident_risk_pipeline to 2026-08-31 08:00:00+00:00, run_after=2026-09-07 08:00:00+00:00
[2026-09-06T02:02:13.328+0000] {processor.py:183} INFO - Processing /opt/airflow/dags/accident_etl_dag.py took 0.442 seconds
[2026-09-06T02:02:43.446+0000] {processor.py:161} INFO - Started process (PID=173) to work on /opt/airflow/dags/accident_etl_dag.py
[2026-09-06T02:02:43.447+0000] {processor.py:830} INFO - Processing file /opt/airflow/dags/accident_etl_dag.py for tasks to queue
[2026-09-06T02:02:43.448+0000] {logging_mixin.py:188} INFO - [2026-09-06T02:02:43.447+0000] {dagbag.py:538} INFO - Filling up the DagBag from /opt/airflow/dags/accident_etl_dag.py
[2026-09-06T02:02:43.769+0000] {processor.py:840} INFO - DAG(s) 'road_accident_risk_pipeline' retrieved from /opt/airflow/dags/accident_etl_dag.py
[2026-09-06T02:02:43.791+0000] {logging_mixin.py:188} INFO - [2026-09-06T02:02:43.791+0000] {dag.py:3036} INFO - Sync 1 DAGs
[2026-09-06T02:02:43.813+0000] {logging_mixin.py:188} INFO - [2026-09-06T02:02:43.812+0000] {dag.py:3823} INFO - Setting next_dagrun for road_accident_risk_pipeline to 2026-08-31 08:00:00+00:00, run_after=2026-09-07 08:00:00+00:00
[2026-09-06T02:02:43.828+0000] {processor.py:183} INFO - Processing /opt/airflow/dags/accident_etl_dag.py took 0.385 seconds
[2026-09-06T02:03:13.963+0000] {processor.py:161} INFO - Started process (PID=179) to work on /opt/airflow/dags/accident_etl_dag.py
[2026-09-06T02:03:13.964+0000] {processor.py:830} INFO - Processing file /opt/airflow/dags/accident_etl_dag.py for tasks to queue
[2026-09-06T02:03:13.964+0000] {logging_mixin.py:188} INFO - [2026-09-06T02:03:13.964+0000] {dagbag.py:538} INFO - Filling up the DagBag from /opt/airflow/dags/accident_etl_dag.py
[2026-09-06T02:03:14.251+0000] {processor.py:840} INFO - DAG(s) 'road_accident_risk_pipeline' retrieved from /opt/airflow/dags/accident_etl_dag.py
[2026-09-06T02:03:14.273+0000] {logging_mixin.py:188} INFO - [2026-09-06T02:03:14.273+0000] {dag.py:3036} INFO - Sync 1 DAGs
[2026-09-06T02:03:14.295+0000] {logging_mixin.py:188} INFO - [2026-09-06T02:03:14.294+0000] {dag.py:3823} INFO - Setting next_dagrun for road_accident_risk_pipeline to 2026-08-31 08:00:00+00:00, run_after=2026-09-07 08:00:00+00:00
[2026-09-06T02:03:14.309+0000] {processor.py:183} INFO - Processing /opt/airflow/dags/accident_etl_dag.py took 0.349 seconds
[2026-09-06T02:03:44.443+0000] {processor.py:161} INFO - Started process (PID=185) to work on /opt/airflow/dags/accident_etl_dag.py
[2026-09-06T02:03:44.444+0000] {processor.py:830} INFO - Processing file /opt/airflow/dags/accident_etl_dag.py for tasks to queue
[2026-09-06T02:03:44.445+0000] {logging_mixin.py:188} INFO - [2026-09-06T02:03:44.445+0000] {dagbag.py:538} INFO - Filling up the DagBag from /opt/airflow/dags/accident_etl_dag.py
[2026-09-06T02:03:44.682+0000] {processor.py:840} INFO - DAG(s) 'road_accident_risk_pipeline' retrieved from /opt/airflow/dags/accident_etl_dag.py
[2026-09-06T02:03:44.708+0000] {logging_mixin.py:188} INFO - [2026-09-06T02:03:44.707+0000] {dag.py:3036} INFO - Sync 1 DAGs
[2026-09-06T02:03:44.747+0000] {logging_mixin.py:188} INFO - [2026-09-06T02:03:44.747+0000] {dag.py:3823} INFO - Setting next_dagrun for road_accident_risk_pipeline to 2026-08-31 08:00:00+00:00, run_after=2026-09-07 08:00:00+00:00
[2026-09-06T02:03:44.780+0000] {processor.py:183} INFO - Processing /opt/airflow/dags/accident_etl_dag.py took 0.339 seconds
[2026-09-06T02:04:14.932+0000] {processor.py:161} INFO - Started process (PID=191) to work on /opt/airflow/dags/accident_etl_dag.py
[2026-09-06T02:04:14.933+0000] {processor.py:830} INFO - Processing file /opt/airflow/dags/accident_etl_dag.py for tasks to queue
[2026-09-06T02:04:14.934+0000] {logging_mixin.py:188} INFO - [2026-09-06T02:04:14.934+0000] {dagbag.py:538} INFO - Filling up the DagBag from /opt/airflow/dags/accident_etl_dag.py
[2026-09-06T02:04:15.209+0000] {processor.py:840} INFO - DAG(s) 'road_accident_risk_pipeline' retrieved from /opt/airflow/dags/accident_etl_dag.py
[2026-09-06T02:04:15.231+0000] {logging_mixin.py:188} INFO - [2026-09-06T02:04:15.230+0000] {dag.py:3036} INFO - Sync 1 DAGs
[2026-09-06T02:04:15.250+0000] {logging_mixin.py:188} INFO - [2026-09-06T02:04:15.250+0000] {dag.py:3823} INFO - Setting next_dagrun for road_accident_risk_pipeline to 2026-08-31 08:00:00+00:00, run_after=2026-09-07 08:00:00+00:00
[2026-09-06T02:04:15.264+0000] {processor.py:183} INFO - Processing /opt/airflow/dags/accident_etl_dag.py took 0.337 seconds
[2026-09-06T02:04:45.391+0000] {processor.py:161} INFO - Started process (PID=197) to work on /opt/airflow/dags/accident_etl_dag.py
[2026-09-06T02:04:45.392+0000] {processor.py:830} INFO - Processing file /opt/airflow/dags/accident_etl_dag.py for tasks to queue
[2026-09-06T02:04:45.392+0000] {logging_mixin.py:188} INFO - [2026-09-06T02:04:45.392+0000] {dagbag.py:538} INFO - Filling up the DagBag from /opt/airflow/dags/accident_etl_dag.py
[2026-09-06T02:04:45.628+0000] {processor.py:840} INFO - DAG(s) 'road_accident_risk_pipeline' retrieved from /opt/airflow/dags/accident_etl_dag.py
[2026-09-06T02:04:45.651+0000] {logging_mixin.py:188} INFO - [2026-09-06T02:04:45.650+0000] {dag.py:3036} INFO - Sync 1 DAGs
[2026-09-06T02:04:45.671+0000] {logging_mixin.py:188} INFO - [2026-09-06T02:04:45.671+0000] {dag.py:3823} INFO - Setting next_dagrun for road_accident_risk_pipeline to 2026-08-31 08:00:00+00:00, run_after=2026-09-07 08:00:00+00:00
[2026-09-06T02:04:45.686+0000] {processor.py:183} INFO - Processing /opt/airflow/dags/accident_etl_dag.py took 0.298 seconds
[2026-09-06T02:05:15.834+0000] {processor.py:161} INFO - Started process (PID=203) to work on /opt/airflow/dags/accident_etl_dag.py
[2026-09-06T02:05:15.835+0000] {processor.py:830} INFO - Processing file /opt/airflow/dags/accident_etl_dag.py for tasks to queue
[2026-09-06T02:05:15.836+0000] {logging_mixin.py:188} INFO - [2026-09-06T02:05:15.835+0000] {dagbag.py:538} INFO - Filling up the DagBag from /opt/airflow/dags/accident_etl_dag.py
[2026-09-06T02:05:16.073+0000] {processor.py:840} INFO - DAG(s) 'road_accident_risk_pipeline' retrieved from /opt/airflow/dags/accident_etl_dag.py
[2026-09-06T02:05:16.095+0000] {logging_mixin.py:188} INFO - [2026-09-06T02:05:16.095+0000] {dag.py:3036} INFO - Sync 1 DAGs
[2026-09-06T02:05:16.114+0000] {logging_mixin.py:188} INFO - [2026-09-06T02:05:16.114+0000] {dag.py:3823} INFO - Setting next_dagrun for road_accident_risk_pipeline to 2026-08-31 08:00:00+00:00, run_after=2026-09-07 08:00:00+00:00
[2026-09-06T02:05:16.129+0000] {processor.py:183} INFO - Processing /opt/airflow/dags/accident_etl_dag.py took 0.297 seconds
[2026-09-06T02:05:46.259+0000] {processor.py:161} INFO - Started process (PID=209) to work on /opt/airflow/dags/accident_etl_dag.py
[2026-09-06T02:05:46.260+0000] {processor.py:830} INFO - Processing file /opt/airflow/dags/accident_etl_dag.py for tasks to queue
[2026-09-06T02:05:46.261+0000] {logging_mixin.py:188} INFO - [2026-09-06T02:05:46.261+0000] {dagbag.py:538} INFO - Filling up the DagBag from /opt/airflow/dags/accident_etl_dag.py
[2026-09-06T02:05:46.577+0000] {processor.py:840} INFO - DAG(s) 'road_accident_risk_pipeline' retrieved from /opt/airflow/dags/accident_etl_dag.py
[2026-09-06T02:05:46.599+0000] {logging_mixin.py:188} INFO - [2026-09-06T02:05:46.599+0000] {dag.py:3036} INFO - Sync 1 DAGs
[2026-09-06T02:05:46.618+0000] {logging_mixin.py:188} INFO - [2026-09-06T02:05:46.618+0000] {dag.py:3823} INFO - Setting next_dagrun for road_accident_risk_pipeline to 2026-08-31 08:00:00+00:00, run_after=2026-09-07 08:00:00+00:00
[2026-09-06T02:05:46.633+0000] {processor.py:183} INFO - Processing /opt/airflow/dags/accident_etl_dag.py took 0.376 seconds
[2026-09-06T02:06:16.766+0000] {processor.py:161} INFO - Started process (PID=215) to work on /opt/airflow/dags/accident_etl_dag.py
[2026-09-06T02:06:16.767+0000] {processor.py:830} INFO - Processing file /opt/airflow/dags/accident_etl_dag.py for tasks to queue
[2026-09-06T02:06:16.768+0000] {logging_mixin.py:188} INFO - [2026-09-06T02:06:16.768+0000] {dagbag.py:538} INFO - Filling up the DagBag from /opt/airflow/dags/accident_etl_dag.py
[2026-09-06T02:06:17.009+0000] {processor.py:840} INFO - DAG(s) 'road_accident_risk_pipeline' retrieved from /opt/airflow/dags/accident_etl_dag.py
[2026-09-06T02:06:17.035+0000] {logging_mixin.py:188} INFO - [2026-09-06T02:06:17.035+0000] {dag.py:3036} INFO - Sync 1 DAGs
[2026-09-06T02:06:17.055+0000] {logging_mixin.py:188} INFO - [2026-09-06T02:06:17.055+0000] {dag.py:3823} INFO - Setting next_dagrun for road_accident_risk_pipeline to 2026-08-31 08:00:00+00:00, run_after=2026-09-07 08:00:00+00:00
[2026-09-06T02:06:17.069+0000] {processor.py:183} INFO - Processing /opt/airflow/dags/accident_etl_dag.py took 0.306 seconds
[2026-09-06T02:06:47.197+0000] {processor.py:161} INFO - Started process (PID=221) to work on /opt/airflow/dags/accident_etl_dag.py
[2026-09-06T02:06:47.198+0000] {processor.py:830} INFO - Processing file /opt/airflow/dags/accident_etl_dag.py for tasks to queue
[2026-09-06T02:06:47.199+0000] {logging_mixin.py:188} INFO - [2026-09-06T02:06:47.198+0000] {dagbag.py:538} INFO - Filling up the DagBag from /opt/airflow/dags/accident_etl_dag.py
[2026-09-06T02:06:47.445+0000] {processor.py:840} INFO - DAG(s) 'road_accident_risk_pipeline' retrieved from /opt/airflow/dags/accident_etl_dag.py
[2026-09-06T02:06:47.469+0000] {logging_mixin.py:188} INFO - [2026-09-06T02:06:47.469+0000] {dag.py:3036} INFO - Sync 1 DAGs
[2026-09-06T02:06:47.488+0000] {logging_mixin.py:188} INFO - [2026-09-06T02:06:47.488+0000] {dag.py:3823} INFO - Setting next_dagrun for road_accident_risk_pipeline to 2026-08-31 08:00:00+00:00, run_after=2026-09-07 08:00:00+00:00
[2026-09-06T02:06:47.503+0000] {processor.py:183} INFO - Processing /opt/airflow/dags/accident_etl_dag.py took 0.308 seconds
[2026-09-06T02:07:17.635+0000] {processor.py:161} INFO - Started process (PID=227) to work on /opt/airflow/dags/accident_etl_dag.py
[2026-09-06T02:07:17.636+0000] {processor.py:830} INFO - Processing file /opt/airflow/dags/accident_etl_dag.py for tasks to queue
[2026-09-06T02:07:17.636+0000] {logging_mixin.py:188} INFO - [2026-09-06T02:07:17.636+0000] {dagbag.py:538} INFO - Filling up the DagBag from /opt/airflow/dags/accident_etl_dag.py
[2026-09-06T02:07:17.875+0000] {processor.py:840} INFO - DAG(s) 'road_accident_risk_pipeline' retrieved from /opt/airflow/dags/accident_etl_dag.py
[2026-09-06T02:07:17.898+0000] {logging_mixin.py:188} INFO - [2026-09-06T02:07:17.898+0000] {dag.py:3036} INFO - Sync 1 DAGs
[2026-09-06T02:07:17.917+0000] {logging_mixin.py:188} INFO - [2026-09-06T02:07:17.917+0000] {dag.py:3823} INFO - Setting next_dagrun for road_accident_risk_pipeline to 2026-08-31 08:00:00+00:00, run_after=2026-09-07 08:00:00+00:00
[2026-09-06T02:07:17.931+0000] {processor.py:183} INFO - Processing /opt/airflow/dags/accident_etl_dag.py took 0.299 seconds
[2026-09-06T02:07:48.066+0000] {processor.py:161} INFO - Started process (PID=233) to work on /opt/airflow/dags/accident_etl_dag.py
[2026-09-06T02:07:48.067+0000] {processor.py:830} INFO - Processing file /opt/airflow/dags/accident_etl_dag.py for tasks to queue
[2026-09-06T02:07:48.067+0000] {logging_mixin.py:188} INFO - [2026-09-06T02:07:48.067+0000] {dagbag.py:538} INFO - Filling up the DagBag from /opt/airflow/dags/accident_etl_dag.py
[2026-09-06T02:07:48.304+0000] {processor.py:840} INFO - DAG(s) 'road_accident_risk_pipeline' retrieved from /opt/airflow/dags/accident_etl_dag.py
[2026-09-06T02:07:48.329+0000] {logging_mixin.py:188} INFO - [2026-09-06T02:07:48.328+0000] {dag.py:3036} INFO - Sync 1 DAGs
[2026-09-06T02:07:48.351+0000] {logging_mixin.py:188} INFO - [2026-09-06T02:07:48.350+0000] {dag.py:3823} INFO - Setting next_dagrun for road_accident_risk_pipeline to 2026-08-31 08:00:00+00:00, run_after=2026-09-07 08:00:00+00:00
[2026-09-06T02:07:48.366+0000] {processor.py:183} INFO - Processing /opt/airflow/dags/accident_etl_dag.py took 0.303 seconds
[2026-09-06T02:08:18.497+0000] {processor.py:161} INFO - Started process (PID=239) to work on /opt/airflow/dags/accident_etl_dag.py
[2026-09-06T02:08:18.498+0000] {processor.py:830} INFO - Processing file /opt/airflow/dags/accident_etl_dag.py for tasks to queue
[2026-09-06T02:08:18.499+0000] {logging_mixin.py:188} INFO - [2026-09-06T02:08:18.498+0000] {dagbag.py:538} INFO - Filling up the DagBag from /opt/airflow/dags/accident_etl_dag.py
[2026-09-06T02:08:18.742+0000] {processor.py:840} INFO - DAG(s) 'road_accident_risk_pipeline' retrieved from /opt/airflow/dags/accident_etl_dag.py
[2026-09-06T02:08:18.768+0000] {logging_mixin.py:188} INFO - [2026-09-06T02:08:18.768+0000] {dag.py:3036} INFO - Sync 1 DAGs
[2026-09-06T02:08:18.787+0000] {logging_mixin.py:188} INFO - [2026-09-06T02:08:18.787+0000] {dag.py:3823} INFO - Setting next_dagrun for road_accident_risk_pipeline to 2026-08-31 08:00:00+00:00, run_after=2026-09-07 08:00:00+00:00
[2026-09-06T02:08:18.801+0000] {processor.py:183} INFO - Processing /opt/airflow/dags/accident_etl_dag.py took 0.307 seconds
[2026-09-06T02:08:48.930+0000] {processor.py:161} INFO - Started process (PID=245) to work on /opt/airflow/dags/accident_etl_dag.py
[2026-09-06T02:08:48.931+0000] {processor.py:830} INFO - Processing file /opt/airflow/dags/accident_etl_dag.py for tasks to queue
[2026-09-06T02:08:48.932+0000] {logging_mixin.py:188} INFO - [2026-09-06T02:08:48.931+0000] {dagbag.py:538} INFO - Filling up the DagBag from /opt/airflow/dags/accident_etl_dag.py
[2026-09-06T02:08:49.222+0000] {processor.py:840} INFO - DAG(s) 'road_accident_risk_pipeline' retrieved from /opt/airflow/dags/accident_etl_dag.py
[2026-09-06T02:08:49.259+0000] {logging_mixin.py:188} INFO - [2026-09-06T02:08:49.258+0000] {dag.py:3036} INFO - Sync 1 DAGs
[2026-09-06T02:08:49.290+0000] {logging_mixin.py:188} INFO - [2026-09-06T02:08:49.290+0000] {dag.py:3823} INFO - Setting next_dagrun for road_accident_risk_pipeline to 2026-08-31 08:00:00+00:00, run_after=2026-09-07 08:00:00+00:00
[2026-09-06T02:08:49.310+0000] {processor.py:183} INFO - Processing /opt/airflow/dags/accident_etl_dag.py took 0.383 seconds
[2026-09-06T02:09:19.453+0000] {processor.py:161} INFO - Started process (PID=251) to work on /opt/airflow/dags/accident_etl_dag.py
[2026-09-06T02:09:19.454+0000] {processor.py:830} INFO - Processing file /opt/airflow/dags/accident_etl_dag.py for tasks to queue
[2026-09-06T02:09:19.455+0000] {logging_mixin.py:188} INFO - [2026-09-06T02:09:19.455+0000] {dagbag.py:538} INFO - Filling up the DagBag from /opt/airflow/dags/accident_etl_dag.py
[2026-09-06T02:09:19.816+0000] {processor.py:840} INFO - DAG(s) 'road_accident_risk_pipeline' retrieved from /opt/airflow/dags/accident_etl_dag.py
[2026-09-06T02:09:19.837+0000] {logging_mixin.py:188} INFO - [2026-09-06T02:09:19.837+0000] {dag.py:3036} INFO - Sync 1 DAGs
[2026-09-06T02:09:19.858+0000] {logging_mixin.py:188} INFO - [2026-09-06T02:09:19.857+0000] {dag.py:3823} INFO - Setting next_dagrun for road_accident_risk_pipeline to 2026-08-31 08:00:00+00:00, run_after=2026-09-07 08:00:00+00:00
[2026-09-06T02:09:19.874+0000] {processor.py:183} INFO - Processing /opt/airflow/dags/accident_etl_dag.py took 0.425 seconds
[2026-09-06T02:09:50.011+0000] {processor.py:161} INFO - Started process (PID=257) to work on /opt/airflow/dags/accident_etl_dag.py
[2026-09-06T02:09:50.012+0000] {processor.py:830} INFO - Processing file /opt/airflow/dags/accident_etl_dag.py for tasks to queue
[2026-09-06T02:09:50.013+0000] {logging_mixin.py:188} INFO - [2026-09-06T02:09:50.013+0000] {dagbag.py:538} INFO - Filling up the DagBag from /opt/airflow/dags/accident_etl_dag.py
[2026-09-06T02:09:50.274+0000] {processor.py:840} INFO - DAG(s) 'road_accident_risk_pipeline' retrieved from /opt/airflow/dags/accident_etl_dag.py
[2026-09-06T02:09:50.297+0000] {logging_mixin.py:188} INFO - [2026-09-06T02:09:50.296+0000] {dag.py:3036} INFO - Sync 1 DAGs
[2026-09-06T02:09:50.316+0000] {logging_mixin.py:188} INFO - [2026-09-06T02:09:50.316+0000] {dag.py:3823} INFO - Setting next_dagrun for road_accident_risk_pipeline to 2026-08-31 08:00:00+00:00, run_after=2026-09-07 08:00:00+00:00
[2026-09-06T02:09:50.330+0000] {processor.py:183} INFO - Processing /opt/airflow/dags/accident_etl_dag.py took 0.322 seconds
[2026-09-06T02:10:20.458+0000] {processor.py:161} INFO - Started process (PID=263) to work on /opt/airflow/dags/accident_etl_dag.py
[2026-09-06T02:10:20.458+0000] {processor.py:830} INFO - Processing file /opt/airflow/dags/accident_etl_dag.py for tasks to queue
[2026-09-06T02:10:20.459+0000] {logging_mixin.py:188} INFO - [2026-09-06T02:10:20.459+0000] {dagbag.py:538} INFO - Filling up the DagBag from /opt/airflow/dags/accident_etl_dag.py
[2026-09-06T02:10:20.706+0000] {processor.py:840} INFO - DAG(s) 'road_accident_risk_pipeline' retrieved from /opt/airflow/dags/accident_etl_dag.py
[2026-09-06T02:10:20.730+0000] {logging_mixin.py:188} INFO - [2026-09-06T02:10:20.730+0000] {dag.py:3036} INFO - Sync 1 DAGs
[2026-09-06T02:10:20.750+0000] {logging_mixin.py:188} INFO - [2026-09-06T02:10:20.750+0000] {dag.py:3823} INFO - Setting next_dagrun for road_accident_risk_pipeline to 2026-08-31 08:00:00+00:00, run_after=2026-09-07 08:00:00+00:00
[2026-09-06T02:10:20.764+0000] {processor.py:183} INFO - Processing /opt/airflow/dags/accident_etl_dag.py took 0.309 seconds
[2026-09-06T02:10:50.893+0000] {processor.py:161} INFO - Started process (PID=269) to work on /opt/airflow/dags/accident_etl_dag.py
[2026-09-06T02:10:50.894+0000] {processor.py:830} INFO - Processing file /opt/airflow/dags/accident_etl_dag.py for tasks to queue
[2026-09-06T02:10:50.894+0000] {logging_mixin.py:188} INFO - [2026-09-06T02:10:50.894+0000] {dagbag.py:538} INFO - Filling up the DagBag from /opt/airflow/dags/accident_etl_dag.py
[2026-09-06T02:10:51.142+0000] {processor.py:840} INFO - DAG(s) 'road_accident_risk_pipeline' retrieved from /opt/airflow/dags/accident_etl_dag.py
[2026-09-06T02:10:51.165+0000] {logging_mixin.py:188} INFO - [2026-09-06T02:10:51.165+0000] {dag.py:3036} INFO - Sync 1 DAGs
[2026-09-06T02:10:51.186+0000] {logging_mixin.py:188} INFO - [2026-09-06T02:10:51.186+0000] {dag.py:3823} INFO - Setting next_dagrun for road_accident_risk_pipeline to 2026-08-31 08:00:00+00:00, run_after=2026-09-07 08:00:00+00:00
[2026-09-06T02:10:51.200+0000] {processor.py:183} INFO - Processing /opt/airflow/dags/accident_etl_dag.py took 0.310 seconds
[2026-09-06T02:11:21.336+0000] {processor.py:161} INFO - Started process (PID=275) to work on /opt/airflow/dags/accident_etl_dag.py
[2026-09-06T02:11:21.337+0000] {processor.py:830} INFO - Processing file /opt/airflow/dags/accident_etl_dag.py for tasks to queue
[2026-09-06T02:11:21.337+0000] {logging_mixin.py:188} INFO - [2026-09-06T02:11:21.337+0000] {dagbag.py:538} INFO - Filling up the DagBag from /opt/airflow/dags/accident_etl_dag.py
[2026-09-06T02:11:21.583+0000] {processor.py:840} INFO - DAG(s) 'road_accident_risk_pipeline' retrieved from /opt/airflow/dags/accident_etl_dag.py
[2026-09-06T02:11:21.609+0000] {logging_mixin.py:188} INFO - [2026-09-06T02:11:21.608+0000] {dag.py:3036} INFO - Sync 1 DAGs
[2026-09-06T02:11:21.628+0000] {logging_mixin.py:188} INFO - [2026-09-06T02:11:21.628+0000] {dag.py:3823} INFO - Setting next_dagrun for road_accident_risk_pipeline to 2026-08-31 08:00:00+00:00, run_after=2026-09-07 08:00:00+00:00
[2026-09-06T02:11:21.642+0000] {processor.py:183} INFO - Processing /opt/airflow/dags/accident_etl_dag.py took 0.309 seconds
[2026-09-06T02:11:51.782+0000] {processor.py:161} INFO - Started process (PID=281) to work on /opt/airflow/dags/accident_etl_dag.py
[2026-09-06T02:11:51.783+0000] {processor.py:830} INFO - Processing file /opt/airflow/dags/accident_etl_dag.py for tasks to queue
[2026-09-06T02:11:51.784+0000] {logging_mixin.py:188} INFO - [2026-09-06T02:11:51.784+0000] {dagbag.py:538} INFO - Filling up the DagBag from /opt/airflow/dags/accident_etl_dag.py
[2026-09-06T02:11:52.037+0000] {processor.py:840} INFO - DAG(s) 'road_accident_risk_pipeline' retrieved from /opt/airflow/dags/accident_etl_dag.py
[2026-09-06T02:11:52.061+0000] {logging_mixin.py:188} INFO - [2026-09-06T02:11:52.061+0000] {dag.py:3036} INFO - Sync 1 DAGs
[2026-09-06T02:11:52.080+0000] {logging_mixin.py:188} INFO - [2026-09-06T02:11:52.080+0000] {dag.py:3823} INFO - Setting next_dagrun for road_accident_risk_pipeline to 2026-08-31 08:00:00+00:00, run_after=2026-09-07 08:00:00+00:00
[2026-09-06T02:11:52.094+0000] {processor.py:183} INFO - Processing /opt/airflow/dags/accident_etl_dag.py took 0.314 seconds
[2026-09-06T02:12:22.245+0000] {processor.py:161} INFO - Started process (PID=287) to work on /opt/airflow/dags/accident_etl_dag.py
[2026-09-06T02:12:22.246+0000] {processor.py:830} INFO - Processing file /opt/airflow/dags/accident_etl_dag.py for tasks to queue
[2026-09-06T02:12:22.247+0000] {logging_mixin.py:188} INFO - [2026-09-06T02:12:22.246+0000] {dagbag.py:538} INFO - Filling up the DagBag from /opt/airflow/dags/accident_etl_dag.py
[2026-09-06T02:12:22.521+0000] {processor.py:840} INFO - DAG(s) 'road_accident_risk_pipeline' retrieved from /opt/airflow/dags/accident_etl_dag.py
[2026-09-06T02:12:22.542+0000] {logging_mixin.py:188} INFO - [2026-09-06T02:12:22.542+0000] {dag.py:3036} INFO - Sync 1 DAGs
[2026-09-06T02:12:22.562+0000] {logging_mixin.py:188} INFO - [2026-09-06T02:12:22.562+0000] {dag.py:3823} INFO - Setting next_dagrun for road_accident_risk_pipeline to 2026-08-31 08:00:00+00:00, run_after=2026-09-07 08:00:00+00:00
[2026-09-06T02:12:22.576+0000] {processor.py:183} INFO - Processing /opt/airflow/dags/accident_etl_dag.py took 0.334 seconds
[2026-09-06T02:12:52.704+0000] {processor.py:161} INFO - Started process (PID=293) to work on /opt/airflow/dags/accident_etl_dag.py
[2026-09-06T02:12:52.705+0000] {processor.py:830} INFO - Processing file /opt/airflow/dags/accident_etl_dag.py for tasks to queue
[2026-09-06T02:12:52.706+0000] {logging_mixin.py:188} INFO - [2026-09-06T02:12:52.706+0000] {dagbag.py:538} INFO - Filling up the DagBag from /opt/airflow/dags/accident_etl_dag.py
[2026-09-06T02:12:52.956+0000] {processor.py:840} INFO - DAG(s) 'road_accident_risk_pipeline' retrieved from /opt/airflow/dags/accident_etl_dag.py
[2026-09-06T02:12:52.982+0000] {logging_mixin.py:188} INFO - [2026-09-06T02:12:52.982+0000] {dag.py:3036} INFO - Sync 1 DAGs
[2026-09-06T02:12:53.004+0000] {logging_mixin.py:188} INFO - [2026-09-06T02:12:53.004+0000] {dag.py:3823} INFO - Setting next_dagrun for road_accident_risk_pipeline to 2026-08-31 08:00:00+00:00, run_after=2026-09-07 08:00:00+00:00
[2026-09-06T02:12:53.020+0000] {processor.py:183} INFO - Processing /opt/airflow/dags/accident_etl_dag.py took 0.319 seconds
[2026-09-06T02:13:23.153+0000] {processor.py:161} INFO - Started process (PID=299) to work on /opt/airflow/dags/accident_etl_dag.py
[2026-09-06T02:13:23.154+0000] {processor.py:830} INFO - Processing file /opt/airflow/dags/accident_etl_dag.py for tasks to queue
[2026-09-06T02:13:23.155+0000] {logging_mixin.py:188} INFO - [2026-09-06T02:13:23.154+0000] {dagbag.py:538} INFO - Filling up the DagBag from /opt/airflow/dags/accident_etl_dag.py
[2026-09-06T02:13:23.401+0000] {processor.py:840} INFO - DAG(s) 'road_accident_risk_pipeline' retrieved from /opt/airflow/dags/accident_etl_dag.py
[2026-09-06T02:13:23.427+0000] {logging_mixin.py:188} INFO - [2026-09-06T02:13:23.426+0000] {dag.py:3036} INFO - Sync 1 DAGs
[2026-09-06T02:13:23.446+0000] {logging_mixin.py:188} INFO - [2026-09-06T02:13:23.446+0000] {dag.py:3823} INFO - Setting next_dagrun for road_accident_risk_pipeline to 2026-08-31 08:00:00+00:00, run_after=2026-09-07 08:00:00+00:00
[2026-09-06T02:13:23.460+0000] {processor.py:183} INFO - Processing /opt/airflow/dags/accident_etl_dag.py took 0.309 seconds
[2026-09-06T02:13:53.593+0000] {processor.py:161} INFO - Started process (PID=305) to work on /opt/airflow/dags/accident_etl_dag.py
[2026-09-06T02:13:53.594+0000] {processor.py:830} INFO - Processing file /opt/airflow/dags/accident_etl_dag.py for tasks to queue
[2026-09-06T02:13:53.595+0000] {logging_mixin.py:188} INFO - [2026-09-06T02:13:53.595+0000] {dagbag.py:538} INFO - Filling up the DagBag from /opt/airflow/dags/accident_etl_dag.py
[2026-09-06T02:13:53.835+0000] {processor.py:840} INFO - DAG(s) 'road_accident_risk_pipeline' retrieved from /opt/airflow/dags/accident_etl_dag.py
[2026-09-06T02:13:53.863+0000] {logging_mixin.py:188} INFO - [2026-09-06T02:13:53.863+0000] {dag.py:3036} INFO - Sync 1 DAGs
[2026-09-06T02:13:53.883+0000] {logging_mixin.py:188} INFO - [2026-09-06T02:13:53.882+0000] {dag.py:3823} INFO - Setting next_dagrun for road_accident_risk_pipeline to 2026-08-31 08:00:00+00:00, run_after=2026-09-07 08:00:00+00:00
[2026-09-06T02:13:53.897+0000] {processor.py:183} INFO - Processing /opt/airflow/dags/accident_etl_dag.py took 0.307 seconds
[2026-09-06T02:14:24.042+0000] {processor.py:161} INFO - Started process (PID=311) to work on /opt/airflow/dags/accident_etl_dag.py
[2026-09-06T02:14:24.043+0000] {processor.py:830} INFO - Processing file /opt/airflow/dags/accident_etl_dag.py for tasks to queue
[2026-09-06T02:14:24.044+0000] {logging_mixin.py:188} INFO - [2026-09-06T02:14:24.044+0000] {dagbag.py:538} INFO - Filling up the DagBag from /opt/airflow/dags/accident_etl_dag.py
[2026-09-06T02:14:24.365+0000] {processor.py:840} INFO - DAG(s) 'road_accident_risk_pipeline' retrieved from /opt/airflow/dags/accident_etl_dag.py
[2026-09-06T02:14:24.388+0000] {logging_mixin.py:188} INFO - [2026-09-06T02:14:24.388+0000] {dag.py:3036} INFO - Sync 1 DAGs
[2026-09-06T02:14:24.409+0000] {logging_mixin.py:188} INFO - [2026-09-06T02:14:24.409+0000] {dag.py:3823} INFO - Setting next_dagrun for road_accident_risk_pipeline to 2026-08-31 08:00:00+00:00, run_after=2026-09-07 08:00:00+00:00
[2026-09-06T02:14:24.424+0000] {processor.py:183} INFO - Processing /opt/airflow/dags/accident_etl_dag.py took 0.387 seconds
[2026-09-06T02:14:54.553+0000] {processor.py:161} INFO - Started process (PID=317) to work on /opt/airflow/dags/accident_etl_dag.py
[2026-09-06T02:14:54.554+0000] {processor.py:830} INFO - Processing file /opt/airflow/dags/accident_etl_dag.py for tasks to queue
[2026-09-06T02:14:54.555+0000] {logging_mixin.py:188} INFO - [2026-09-06T02:14:54.554+0000] {dagbag.py:538} INFO - Filling up the DagBag from /opt/airflow/dags/accident_etl_dag.py
[2026-09-06T02:14:54.818+0000] {processor.py:840} INFO - DAG(s) 'road_accident_risk_pipeline' retrieved from /opt/airflow/dags/accident_etl_dag.py
[2026-09-06T02:14:54.852+0000] {logging_mixin.py:188} INFO - [2026-09-06T02:14:54.852+0000] {dag.py:3036} INFO - Sync 1 DAGs
[2026-09-06T02:14:54.884+0000] {logging_mixin.py:188} INFO - [2026-09-06T02:14:54.884+0000] {dag.py:3823} INFO - Setting next_dagrun for road_accident_risk_pipeline to 2026-08-31 08:00:00+00:00, run_after=2026-09-07 08:00:00+00:00
[2026-09-06T02:14:54.904+0000] {processor.py:183} INFO - Processing /opt/airflow/dags/accident_etl_dag.py took 0.354 seconds
