[2026-09-05T08:31:23.364+0000] {taskinstance.py:1956} INFO - Dependencies all met for dep_context=non-requeueable deps ti=<TaskInstance: road_accident_risk_pipeline.load_to_mariadb_task manual__2026-09-05T08:20:59.999304+00:00 [queued]>
[2026-09-05T08:31:23.370+0000] {taskinstance.py:1956} INFO - Dependencies all met for dep_context=requeueable deps ti=<TaskInstance: road_accident_risk_pipeline.load_to_mariadb_task manual__2026-09-05T08:20:59.999304+00:00 [queued]>
[2026-09-05T08:31:23.370+0000] {taskinstance.py:2170} INFO - Starting attempt 4 of 4
[2026-09-05T08:31:23.386+0000] {taskinstance.py:2191} INFO - Executing <Task(PythonOperator): load_to_mariadb_task> on 2026-09-05 08:20:59.999304+00:00
[2026-09-05T08:31:23.399+0000] {standard_task_runner.py:60} INFO - Started process 355 to run task
[2026-09-05T08:31:23.405+0000] {standard_task_runner.py:87} INFO - Running: ['***', 'tasks', 'run', 'road_accident_risk_pipeline', 'load_to_mariadb_task', 'manual__2026-09-05T08:20:59.999304+00:00', '--job-id', '11', '--raw', '--subdir', 'DAGS_FOLDER/accident_etl_dag.py', '--cfg-path', '/tmp/tmpykniyxlg']
[2026-09-05T08:31:23.408+0000] {standard_task_runner.py:88} INFO - Job 11: Subtask load_to_mariadb_task
[2026-09-05T08:31:23.489+0000] {task_command.py:423} INFO - Running <TaskInstance: road_accident_risk_pipeline.load_to_mariadb_task manual__2026-09-05T08:20:59.999304+00:00 [running]> on host d7bfa323a92e
[2026-09-05T08:31:24.057+0000] {taskinstance.py:2480} INFO - Exporting env vars: AIRFLOW_CTX_DAG_OWNER='data_engineer_team' AIRFLOW_CTX_DAG_ID='road_accident_risk_pipeline' AIRFLOW_CTX_TASK_ID='load_to_mariadb_task' AIRFLOW_CTX_EXECUTION_DATE='2026-09-05T08:20:59.999304+00:00' AIRFLOW_CTX_TRY_NUMBER='4' AIRFLOW_CTX_DAG_RUN_ID='manual__2026-09-05T08:20:59.999304+00:00'
[2026-09-05T08:31:24.122+0000] {taskinstance.py:2698} ERROR - Task failed with exception
Traceback (most recent call last):
  File "/home/airflow/.local/lib/python3.8/site-packages/airflow/models/taskinstance.py", line 433, in _execute_task
    result = execute_callable(context=context, **execute_callable_kwargs)
  File "/home/airflow/.local/lib/python3.8/site-packages/airflow/operators/python.py", line 199, in execute
    return_value = self.execute_callable()
  File "/home/airflow/.local/lib/python3.8/site-packages/airflow/operators/python.py", line 216, in execute_callable
    return self.python_callable(*self.op_args, **self.op_kwargs)
  File "/opt/airflow/dags/accident_etl_dag.py", line 91, in load_to_mariadb
    conn = pymysql.connect(**DB_CONFIG)
  File "/home/airflow/.local/lib/python3.8/site-packages/pymysql/connections.py", line 365, in __init__
    self.connect()
  File "/home/airflow/.local/lib/python3.8/site-packages/pymysql/connections.py", line 681, in connect
    self._request_authentication()
  File "/home/airflow/.local/lib/python3.8/site-packages/pymysql/connections.py", line 958, in _request_authentication
    auth_packet = self._read_packet()
  File "/home/airflow/.local/lib/python3.8/site-packages/pymysql/connections.py", line 782, in _read_packet
    packet.raise_for_error()
  File "/home/airflow/.local/lib/python3.8/site-packages/pymysql/protocol.py", line 219, in raise_for_error
    err.raise_mysql_exception(self._data)
  File "/home/airflow/.local/lib/python3.8/site-packages/pymysql/err.py", line 150, in raise_mysql_exception
    raise errorclass(errno, errval)
pymysql.err.OperationalError: (1045, "Access denied for user 'root'@'172.18.0.7' (using password: NO)")
[2026-09-05T08:31:24.141+0000] {taskinstance.py:1138} INFO - Marking task as FAILED. dag_id=road_accident_risk_pipeline, task_id=load_to_mariadb_task, execution_date=20260905T082059, start_date=20260905T083123, end_date=20260905T083124
[2026-09-05T08:31:24.153+0000] {standard_task_runner.py:107} ERROR - Failed to execute job 11 for task load_to_mariadb_task ((1045, "Access denied for user 'root'@'172.18.0.7' (using password: NO)"); 355)
[2026-09-05T08:31:24.193+0000] {local_task_job_runner.py:234} INFO - Task exited with return code 1
[2026-09-05T08:31:24.219+0000] {taskinstance.py:3280} INFO - 0 downstream tasks scheduled from follow-on schedule check
