[2026-09-05T08:24:02.434+0000] {taskinstance.py:1956} INFO - Dependencies all met for dep_context=non-requeueable deps ti=<TaskInstance: road_accident_risk_pipeline.clean_data_task manual__2026-09-05T08:20:59.999304+00:00 [queued]>
[2026-09-05T08:24:02.445+0000] {taskinstance.py:1956} INFO - Dependencies all met for dep_context=requeueable deps ti=<TaskInstance: road_accident_risk_pipeline.clean_data_task manual__2026-09-05T08:20:59.999304+00:00 [queued]>
[2026-09-05T08:24:02.445+0000] {taskinstance.py:2170} INFO - Starting attempt 2 of 2
[2026-09-05T08:24:02.467+0000] {taskinstance.py:2191} INFO - Executing <Task(PythonOperator): clean_data_task> on 2026-09-05 08:20:59.999304+00:00
[2026-09-05T08:24:02.478+0000] {standard_task_runner.py:60} INFO - Started process 250 to run task
[2026-09-05T08:24:02.484+0000] {standard_task_runner.py:87} INFO - Running: ['***', 'tasks', 'run', 'road_accident_risk_pipeline', 'clean_data_task', 'manual__2026-09-05T08:20:59.999304+00:00', '--job-id', '6', '--raw', '--subdir', 'DAGS_FOLDER/accident_etl_dag.py', '--cfg-path', '/tmp/tmpqo_tbpb0']
[2026-09-05T08:24:02.486+0000] {standard_task_runner.py:88} INFO - Job 6: Subtask clean_data_task
[2026-09-05T08:24:02.542+0000] {task_command.py:423} INFO - Running <TaskInstance: road_accident_risk_pipeline.clean_data_task manual__2026-09-05T08:20:59.999304+00:00 [running]> on host d7bfa323a92e
[2026-09-05T08:24:02.765+0000] {taskinstance.py:2480} INFO - Exporting env vars: AIRFLOW_CTX_DAG_OWNER='data_engineer_team' AIRFLOW_CTX_DAG_ID='road_accident_risk_pipeline' AIRFLOW_CTX_TASK_ID='clean_data_task' AIRFLOW_CTX_EXECUTION_DATE='2026-09-05T08:20:59.999304+00:00' AIRFLOW_CTX_TRY_NUMBER='2' AIRFLOW_CTX_DAG_RUN_ID='manual__2026-09-05T08:20:59.999304+00:00'
[2026-09-05T08:24:02.837+0000] {taskinstance.py:2698} ERROR - Task failed with exception
Traceback (most recent call last):
  File "/home/airflow/.local/lib/python3.8/site-packages/airflow/models/taskinstance.py", line 433, in _execute_task
    result = execute_callable(context=context, **execute_callable_kwargs)
  File "/home/airflow/.local/lib/python3.8/site-packages/airflow/operators/python.py", line 199, in execute
    return_value = self.execute_callable()
  File "/home/airflow/.local/lib/python3.8/site-packages/airflow/operators/python.py", line 216, in execute_callable
    return self.python_callable(*self.op_args, **self.op_kwargs)
  File "/opt/airflow/dags/accident_etl_dag.py", line 59, in extract_and_transform
    df.to_csv(CLEAN_DATA_PATH, index=False)
  File "/home/airflow/.local/lib/python3.8/site-packages/pandas/core/generic.py", line 3772, in to_csv
    return DataFrameRenderer(formatter).to_csv(
  File "/home/airflow/.local/lib/python3.8/site-packages/pandas/io/formats/format.py", line 1186, in to_csv
    csv_formatter.save()
  File "/home/airflow/.local/lib/python3.8/site-packages/pandas/io/formats/csvs.py", line 240, in save
    with get_handle(
  File "/home/airflow/.local/lib/python3.8/site-packages/pandas/io/common.py", line 737, in get_handle
    check_parent_directory(str(handle))
  File "/home/airflow/.local/lib/python3.8/site-packages/pandas/io/common.py", line 600, in check_parent_directory
    raise OSError(rf"Cannot save file into a non-existent directory: '{parent}'")
OSError: Cannot save file into a non-existent directory: '/workspaces/project/dataset'
[2026-09-05T08:24:02.849+0000] {taskinstance.py:1138} INFO - Marking task as FAILED. dag_id=road_accident_risk_pipeline, task_id=clean_data_task, execution_date=20260905T082059, start_date=20260905T082402, end_date=20260905T082402
[2026-09-05T08:24:02.859+0000] {standard_task_runner.py:107} ERROR - Failed to execute job 6 for task clean_data_task (Cannot save file into a non-existent directory: '/workspaces/project/dataset'; 250)
[2026-09-05T08:24:02.899+0000] {local_task_job_runner.py:234} INFO - Task exited with return code 1
[2026-09-05T08:24:02.920+0000] {taskinstance.py:3280} INFO - 0 downstream tasks scheduled from follow-on schedule check
