[2026-09-05T08:21:00.614+0000] {taskinstance.py:1956} INFO - Dependencies all met for dep_context=non-requeueable deps ti=<TaskInstance: road_accident_risk_pipeline.clean_data_task manual__2026-09-05T08:20:59.999304+00:00 [queued]>
[2026-09-05T08:21:00.621+0000] {taskinstance.py:1956} INFO - Dependencies all met for dep_context=requeueable deps ti=<TaskInstance: road_accident_risk_pipeline.clean_data_task manual__2026-09-05T08:20:59.999304+00:00 [queued]>
[2026-09-05T08:21:00.621+0000] {taskinstance.py:2170} INFO - Starting attempt 1 of 2
[2026-09-05T08:21:00.634+0000] {taskinstance.py:2191} INFO - Executing <Task(PythonOperator): clean_data_task> on 2026-09-05 08:20:59.999304+00:00
[2026-09-05T08:21:00.641+0000] {standard_task_runner.py:60} INFO - Started process 203 to run task
[2026-09-05T08:21:00.644+0000] {standard_task_runner.py:87} INFO - Running: ['***', 'tasks', 'run', 'road_accident_risk_pipeline', 'clean_data_task', 'manual__2026-09-05T08:20:59.999304+00:00', '--job-id', '4', '--raw', '--subdir', 'DAGS_FOLDER/accident_etl_dag.py', '--cfg-path', '/tmp/tmpbp17oxy0']
[2026-09-05T08:21:00.646+0000] {standard_task_runner.py:88} INFO - Job 4: Subtask clean_data_task
[2026-09-05T08:21:00.722+0000] {task_command.py:423} INFO - Running <TaskInstance: road_accident_risk_pipeline.clean_data_task manual__2026-09-05T08:20:59.999304+00:00 [running]> on host d7bfa323a92e
[2026-09-05T08:21:00.963+0000] {taskinstance.py:2480} INFO - Exporting env vars: AIRFLOW_CTX_DAG_OWNER='data_engineer_team' AIRFLOW_CTX_DAG_ID='road_accident_risk_pipeline' AIRFLOW_CTX_TASK_ID='clean_data_task' AIRFLOW_CTX_EXECUTION_DATE='2026-09-05T08:20:59.999304+00:00' AIRFLOW_CTX_TRY_NUMBER='1' AIRFLOW_CTX_DAG_RUN_ID='manual__2026-09-05T08:20:59.999304+00:00'
[2026-09-05T08:21:00.964+0000] {taskinstance.py:2698} ERROR - Task failed with exception
Traceback (most recent call last):
  File "/home/airflow/.local/lib/python3.8/site-packages/airflow/models/taskinstance.py", line 433, in _execute_task
    result = execute_callable(context=context, **execute_callable_kwargs)
  File "/home/airflow/.local/lib/python3.8/site-packages/airflow/operators/python.py", line 199, in execute
    return_value = self.execute_callable()
  File "/home/airflow/.local/lib/python3.8/site-packages/airflow/operators/python.py", line 216, in execute_callable
    return self.python_callable(*self.op_args, **self.op_kwargs)
  File "/opt/airflow/dags/accident_etl_dag.py", line 31, in extract_and_transform
    raise FileNotFoundError(f" ไม่พบไฟล์ข้อมูลที่: {RAW_DATA_PATH}")
FileNotFoundError:  ไม่พบไฟล์ข้อมูลที่: /workspaces/project/dataset/data_2026.csv
[2026-09-05T08:21:00.976+0000] {taskinstance.py:1138} INFO - Marking task as UP_FOR_RETRY. dag_id=road_accident_risk_pipeline, task_id=clean_data_task, execution_date=20260905T082059, start_date=20260905T082100, end_date=20260905T082100
[2026-09-05T08:21:00.987+0000] {standard_task_runner.py:107} ERROR - Failed to execute job 4 for task clean_data_task ( ไม่พบไฟล์ข้อมูลที่: /workspaces/project/dataset/data_2026.csv; 203)
[2026-09-05T08:21:01.025+0000] {local_task_job_runner.py:234} INFO - Task exited with return code 1
[2026-09-05T08:21:01.067+0000] {taskinstance.py:3280} INFO - 0 downstream tasks scheduled from follow-on schedule check
