[2026-09-05T07:49:54.478+0000] {manager.py:469} INFO - Processing files using up to 2 processes at a time 
[2026-09-05T07:49:54.480+0000] {manager.py:470} INFO - Process each file at most once every 30 seconds
[2026-09-05T07:49:54.481+0000] {manager.py:471} INFO - Checking for new files in /opt/airflow/dags every 300 seconds
[2026-09-05T07:49:54.481+0000] {manager.py:738} INFO - Searching for files in /opt/airflow/dags
[2026-09-05T07:49:54.483+0000] {manager.py:741} INFO - There are 0 files in /opt/airflow/dags
[2026-09-05T07:54:54.803+0000] {manager.py:738} INFO - Searching for files in /opt/airflow/dags
[2026-09-05T07:54:54.813+0000] {manager.py:741} INFO - There are 0 files in /opt/airflow/dags
[2026-09-05T07:59:54.917+0000] {manager.py:738} INFO - Searching for files in /opt/airflow/dags
[2026-09-05T07:59:54.918+0000] {manager.py:741} INFO - There are 0 files in /opt/airflow/dags
[2026-09-05T08:04:54.980+0000] {manager.py:738} INFO - Searching for files in /opt/airflow/dags
[2026-09-05T08:04:54.980+0000] {manager.py:741} INFO - There are 0 files in /opt/airflow/dags
[2026-09-05T08:09:55.145+0000] {manager.py:738} INFO - Searching for files in /opt/airflow/dags
[2026-09-05T08:09:55.147+0000] {manager.py:741} INFO - There are 1 files in /opt/airflow/dags
[2026-09-05T08:09:59.225+0000] {manager.py:879} INFO - 
================================================================================
DAG File Processing Stats

File Path                              PID    Runtime      # DAGs    # Errors  Last Runtime    Last Run
-------------------------------------  -----  ---------  --------  ----------  --------------  -------------------
/opt/airflow/dags/accident_etl_dag.py                           0           1  1.48s           2026-09-05T08:09:56
================================================================================
[2026-09-05T08:10:29.805+0000] {manager.py:879} INFO - 
================================================================================
DAG File Processing Stats

File Path                              PID    Runtime      # DAGs    # Errors  Last Runtime    Last Run
-------------------------------------  -----  ---------  --------  ----------  --------------  -------------------
/opt/airflow/dags/accident_etl_dag.py                           0           1  0.30s           2026-09-05T08:10:27
================================================================================
[2026-09-05T08:11:00.201+0000] {manager.py:879} INFO - 
================================================================================
DAG File Processing Stats

File Path                              PID    Runtime      # DAGs    # Errors  Last Runtime    Last Run
-------------------------------------  -----  ---------  --------  ----------  --------------  -------------------
/opt/airflow/dags/accident_etl_dag.py                           0           1  0.44s           2026-09-05T08:10:57
================================================================================
[2026-09-05T08:11:30.753+0000] {manager.py:879} INFO - 
================================================================================
DAG File Processing Stats

File Path                              PID    Runtime      # DAGs    # Errors  Last Runtime    Last Run
-------------------------------------  -----  ---------  --------  ----------  --------------  -------------------
/opt/airflow/dags/accident_etl_dag.py                           0           1  0.27s           2026-09-05T08:11:28
================================================================================
[2026-09-05T08:12:01.161+0000] {manager.py:879} INFO - 
================================================================================
DAG File Processing Stats

File Path                              PID    Runtime      # DAGs    # Errors  Last Runtime    Last Run
-------------------------------------  -----  ---------  --------  ----------  --------------  -------------------
/opt/airflow/dags/accident_etl_dag.py                           0           1  0.32s           2026-09-05T08:11:58
================================================================================
[2026-09-05T08:12:31.579+0000] {manager.py:879} INFO - 
================================================================================
DAG File Processing Stats

File Path                              PID    Runtime      # DAGs    # Errors  Last Runtime    Last Run
-------------------------------------  -----  ---------  --------  ----------  --------------  -------------------
/opt/airflow/dags/accident_etl_dag.py                           0           1  0.47s           2026-09-05T08:12:29
================================================================================
[2026-09-05T08:13:01.621+0000] {manager.py:879} INFO - 
================================================================================
DAG File Processing Stats

File Path                              PID    Runtime      # DAGs    # Errors  Last Runtime    Last Run
-------------------------------------  -----  ---------  --------  ----------  --------------  -------------------
/opt/airflow/dags/accident_etl_dag.py                           0           1  0.46s           2026-09-05T08:12:59
================================================================================
[2026-09-05T08:13:31.729+0000] {manager.py:879} INFO - 
================================================================================
DAG File Processing Stats

File Path                              PID    Runtime      # DAGs    # Errors  Last Runtime    Last Run
-------------------------------------  -----  ---------  --------  ----------  --------------  -------------------
/opt/airflow/dags/accident_etl_dag.py                           0           1  0.27s           2026-09-05T08:13:29
================================================================================
[2026-09-05T08:14:02.107+0000] {manager.py:879} INFO - 
================================================================================
DAG File Processing Stats

File Path                              PID    Runtime      # DAGs    # Errors  Last Runtime    Last Run
-------------------------------------  -----  ---------  --------  ----------  --------------  -------------------
/opt/airflow/dags/accident_etl_dag.py                           0           1  0.28s           2026-09-05T08:14:00
================================================================================
[2026-09-05T08:14:32.487+0000] {manager.py:879} INFO - 
================================================================================
DAG File Processing Stats

File Path                              PID    Runtime      # DAGs    # Errors  Last Runtime    Last Run
-------------------------------------  -----  ---------  --------  ----------  --------------  -------------------
/opt/airflow/dags/accident_etl_dag.py                           0           1  0.43s           2026-09-05T08:14:30
================================================================================
[2026-09-05T08:14:55.581+0000] {manager.py:738} INFO - Searching for files in /opt/airflow/dags
[2026-09-05T08:14:55.582+0000] {manager.py:741} INFO - There are 1 files in /opt/airflow/dags
[2026-09-05T08:15:02.633+0000] {manager.py:879} INFO - 
================================================================================
DAG File Processing Stats

File Path                              PID    Runtime      # DAGs    # Errors  Last Runtime    Last Run
-------------------------------------  -----  ---------  --------  ----------  --------------  -------------------
/opt/airflow/dags/accident_etl_dag.py                           0           1  1.59s           2026-09-05T08:15:02
================================================================================
[2026-09-05T08:15:32.788+0000] {manager.py:879} INFO - 
================================================================================
DAG File Processing Stats

File Path                                PID  Runtime      # DAGs    # Errors  Last Runtime    Last Run
-------------------------------------  -----  ---------  --------  ----------  --------------  -------------------
/opt/airflow/dags/accident_etl_dag.py     50  0.00s             0           1  1.59s           2026-09-05T08:15:02
================================================================================
[2026-09-05T08:16:02.895+0000] {manager.py:879} INFO - 
================================================================================
DAG File Processing Stats

File Path                              PID    Runtime      # DAGs    # Errors  Last Runtime    Last Run
-------------------------------------  -----  ---------  --------  ----------  --------------  -------------------
/opt/airflow/dags/accident_etl_dag.py                           0           1  0.39s           2026-09-05T08:15:33
================================================================================
[2026-09-05T08:16:33.432+0000] {manager.py:879} INFO - 
================================================================================
DAG File Processing Stats

File Path                              PID    Runtime      # DAGs    # Errors  Last Runtime    Last Run
-------------------------------------  -----  ---------  --------  ----------  --------------  -------------------
/opt/airflow/dags/accident_etl_dag.py                           0           1  0.46s           2026-09-05T08:16:03
================================================================================
[2026-09-05T08:17:03.577+0000] {manager.py:879} INFO - 
================================================================================
DAG File Processing Stats

File Path                              PID    Runtime      # DAGs    # Errors  Last Runtime    Last Run
-------------------------------------  -----  ---------  --------  ----------  --------------  -------------------
/opt/airflow/dags/accident_etl_dag.py                           0           1  1.05s           2026-09-05T08:16:34
================================================================================
[2026-09-05T08:17:22.719+0000] {manager.py:451} INFO - Exiting gracefully upon receiving signal 15
[2026-09-05T08:18:07.737+0000] {manager.py:469} INFO - Processing files using up to 2 processes at a time 
[2026-09-05T08:18:07.739+0000] {manager.py:470} INFO - Process each file at most once every 30 seconds
[2026-09-05T08:18:07.739+0000] {manager.py:471} INFO - Checking for new files in /opt/airflow/dags every 300 seconds
[2026-09-05T08:18:07.740+0000] {manager.py:738} INFO - Searching for files in /opt/airflow/dags
[2026-09-05T08:18:07.768+0000] {manager.py:741} INFO - There are 1 files in /opt/airflow/dags
[2026-09-05T08:18:08.074+0000] {manager.py:879} INFO - 
================================================================================
DAG File Processing Stats

File Path                                PID  Runtime      # DAGs    # Errors  Last Runtime    Last Run
-------------------------------------  -----  ---------  --------  ----------  --------------  ----------
/opt/airflow/dags/accident_etl_dag.py    161  0.17s             0           0
================================================================================
[2026-09-05T08:18:38.213+0000] {manager.py:879} INFO - 
================================================================================
DAG File Processing Stats

File Path                              PID    Runtime      # DAGs    # Errors  Last Runtime    Last Run
-------------------------------------  -----  ---------  --------  ----------  --------------  -------------------
/opt/airflow/dags/accident_etl_dag.py                           1           0  3.81s           2026-09-05T08:18:11
================================================================================
[2026-09-05T08:19:08.342+0000] {manager.py:879} INFO - 
================================================================================
DAG File Processing Stats

File Path                              PID    Runtime      # DAGs    # Errors  Last Runtime    Last Run
-------------------------------------  -----  ---------  --------  ----------  --------------  -------------------
/opt/airflow/dags/accident_etl_dag.py                           1           0  0.50s           2026-09-05T08:18:42
================================================================================
[2026-09-05T08:19:38.524+0000] {manager.py:879} INFO - 
================================================================================
DAG File Processing Stats

File Path                              PID    Runtime      # DAGs    # Errors  Last Runtime    Last Run
-------------------------------------  -----  ---------  --------  ----------  --------------  -------------------
/opt/airflow/dags/accident_etl_dag.py                           1           0  0.41s           2026-09-05T08:19:12
================================================================================
[2026-09-05T08:20:09.005+0000] {manager.py:879} INFO - 
================================================================================
DAG File Processing Stats

File Path                              PID    Runtime      # DAGs    # Errors  Last Runtime    Last Run
-------------------------------------  -----  ---------  --------  ----------  --------------  -------------------
/opt/airflow/dags/accident_etl_dag.py                           1           0  0.42s           2026-09-05T08:19:43
================================================================================
[2026-09-05T08:20:39.554+0000] {manager.py:879} INFO - 
================================================================================
DAG File Processing Stats

File Path                              PID    Runtime      # DAGs    # Errors  Last Runtime    Last Run
-------------------------------------  -----  ---------  --------  ----------  --------------  -------------------
/opt/airflow/dags/accident_etl_dag.py                           1           0  0.43s           2026-09-05T08:20:13
================================================================================
[2026-09-05T08:21:10.079+0000] {manager.py:879} INFO - 
================================================================================
DAG File Processing Stats

File Path                              PID    Runtime      # DAGs    # Errors  Last Runtime    Last Run
-------------------------------------  -----  ---------  --------  ----------  --------------  -------------------
/opt/airflow/dags/accident_etl_dag.py                           1           0  0.39s           2026-09-05T08:20:44
================================================================================
[2026-09-05T08:21:40.599+0000] {manager.py:879} INFO - 
================================================================================
DAG File Processing Stats

File Path                              PID    Runtime      # DAGs    # Errors  Last Runtime    Last Run
-------------------------------------  -----  ---------  --------  ----------  --------------  -------------------
/opt/airflow/dags/accident_etl_dag.py                           1           0  0.41s           2026-09-05T08:21:14
================================================================================
[2026-09-05T08:22:11.118+0000] {manager.py:879} INFO - 
================================================================================
DAG File Processing Stats

File Path                              PID    Runtime      # DAGs    # Errors  Last Runtime    Last Run
-------------------------------------  -----  ---------  --------  ----------  --------------  -------------------
/opt/airflow/dags/accident_etl_dag.py                           1           0  0.40s           2026-09-05T08:21:45
================================================================================
[2026-09-05T08:22:41.655+0000] {manager.py:879} INFO - 
================================================================================
DAG File Processing Stats

File Path                              PID    Runtime      # DAGs    # Errors  Last Runtime    Last Run
-------------------------------------  -----  ---------  --------  ----------  --------------  -------------------
/opt/airflow/dags/accident_etl_dag.py                           1           0  0.34s           2026-09-05T08:22:15
================================================================================
[2026-09-05T08:23:08.062+0000] {manager.py:738} INFO - Searching for files in /opt/airflow/dags
[2026-09-05T08:23:08.065+0000] {manager.py:741} INFO - There are 1 files in /opt/airflow/dags
[2026-09-05T08:23:12.090+0000] {manager.py:879} INFO - 
================================================================================
DAG File Processing Stats

File Path                              PID    Runtime      # DAGs    # Errors  Last Runtime    Last Run
-------------------------------------  -----  ---------  --------  ----------  --------------  -------------------
/opt/airflow/dags/accident_etl_dag.py                           1           0  0.49s           2026-09-05T08:22:46
================================================================================
[2026-09-05T08:23:42.693+0000] {manager.py:879} INFO - 
================================================================================
DAG File Processing Stats

File Path                              PID    Runtime      # DAGs    # Errors  Last Runtime    Last Run
-------------------------------------  -----  ---------  --------  ----------  --------------  -------------------
/opt/airflow/dags/accident_etl_dag.py                           1           0  0.38s           2026-09-05T08:23:16
================================================================================
[2026-09-05T08:24:13.233+0000] {manager.py:879} INFO - 
================================================================================
DAG File Processing Stats

File Path                              PID    Runtime      # DAGs    # Errors  Last Runtime    Last Run
-------------------------------------  -----  ---------  --------  ----------  --------------  -------------------
/opt/airflow/dags/accident_etl_dag.py                           1           0  0.44s           2026-09-05T08:23:45
================================================================================
[2026-09-05T08:24:43.734+0000] {manager.py:879} INFO - 
================================================================================
DAG File Processing Stats

File Path                              PID    Runtime      # DAGs    # Errors  Last Runtime    Last Run
-------------------------------------  -----  ---------  --------  ----------  --------------  -------------------
/opt/airflow/dags/accident_etl_dag.py                           1           0  0.35s           2026-09-05T08:24:15
================================================================================
[2026-09-05T08:25:13.895+0000] {manager.py:879} INFO - 
================================================================================
DAG File Processing Stats

File Path                              PID    Runtime      # DAGs    # Errors  Last Runtime    Last Run
-------------------------------------  -----  ---------  --------  ----------  --------------  -------------------
/opt/airflow/dags/accident_etl_dag.py                           1           0  0.36s           2026-09-05T08:25:10
================================================================================
[2026-09-05T08:25:44.018+0000] {manager.py:879} INFO - 
================================================================================
DAG File Processing Stats

File Path                              PID    Runtime      # DAGs    # Errors  Last Runtime    Last Run
-------------------------------------  -----  ---------  --------  ----------  --------------  -------------------
/opt/airflow/dags/accident_etl_dag.py                           1           0  0.34s           2026-09-05T08:25:41
================================================================================
[2026-09-05T08:26:14.155+0000] {manager.py:879} INFO - 
================================================================================
DAG File Processing Stats

File Path                              PID    Runtime      # DAGs    # Errors  Last Runtime    Last Run
-------------------------------------  -----  ---------  --------  ----------  --------------  -------------------
/opt/airflow/dags/accident_etl_dag.py                           1           0  0.83s           2026-09-05T08:26:12
================================================================================
[2026-09-05T08:26:44.388+0000] {manager.py:879} INFO - 
================================================================================
DAG File Processing Stats

File Path                              PID    Runtime      # DAGs    # Errors  Last Runtime    Last Run
-------------------------------------  -----  ---------  --------  ----------  --------------  -------------------
/opt/airflow/dags/accident_etl_dag.py                           1           0  0.43s           2026-09-05T08:26:42
================================================================================
[2026-09-05T08:27:14.926+0000] {manager.py:879} INFO - 
================================================================================
DAG File Processing Stats

File Path                              PID    Runtime      # DAGs    # Errors  Last Runtime    Last Run
-------------------------------------  -----  ---------  --------  ----------  --------------  -------------------
/opt/airflow/dags/accident_etl_dag.py                           1           0  0.44s           2026-09-05T08:27:13
================================================================================
[2026-09-05T08:27:45.013+0000] {manager.py:879} INFO - 
================================================================================
DAG File Processing Stats

File Path                              PID    Runtime      # DAGs    # Errors  Last Runtime    Last Run
-------------------------------------  -----  ---------  --------  ----------  --------------  -------------------
/opt/airflow/dags/accident_etl_dag.py                           1           0  0.54s           2026-09-05T08:27:37
================================================================================
[2026-09-05T08:28:08.105+0000] {manager.py:738} INFO - Searching for files in /opt/airflow/dags
[2026-09-05T08:28:08.109+0000] {manager.py:741} INFO - There are 1 files in /opt/airflow/dags
[2026-09-05T08:28:15.604+0000] {manager.py:879} INFO - 
================================================================================
DAG File Processing Stats

File Path                              PID    Runtime      # DAGs    # Errors  Last Runtime    Last Run
-------------------------------------  -----  ---------  --------  ----------  --------------  -------------------
/opt/airflow/dags/accident_etl_dag.py                           1           0  0.47s           2026-09-05T08:28:08
================================================================================
[2026-09-05T08:28:45.767+0000] {manager.py:879} INFO - 
================================================================================
DAG File Processing Stats

File Path                              PID    Runtime      # DAGs    # Errors  Last Runtime    Last Run
-------------------------------------  -----  ---------  --------  ----------  --------------  -------------------
/opt/airflow/dags/accident_etl_dag.py                           1           0  0.52s           2026-09-05T08:28:39
================================================================================
[2026-09-05T08:29:15.906+0000] {manager.py:879} INFO - 
================================================================================
DAG File Processing Stats

File Path                              PID    Runtime      # DAGs    # Errors  Last Runtime    Last Run
-------------------------------------  -----  ---------  --------  ----------  --------------  -------------------
/opt/airflow/dags/accident_etl_dag.py                           1           0  0.73s           2026-09-05T08:29:10
================================================================================
[2026-09-05T08:29:46.054+0000] {manager.py:879} INFO - 
================================================================================
DAG File Processing Stats

File Path                              PID    Runtime      # DAGs    # Errors  Last Runtime    Last Run
-------------------------------------  -----  ---------  --------  ----------  --------------  -------------------
/opt/airflow/dags/accident_etl_dag.py                           1           0  0.80s           2026-09-05T08:29:41
================================================================================
[2026-09-05T08:30:16.384+0000] {manager.py:879} INFO - 
================================================================================
DAG File Processing Stats

File Path                              PID    Runtime      # DAGs    # Errors  Last Runtime    Last Run
-------------------------------------  -----  ---------  --------  ----------  --------------  -------------------
/opt/airflow/dags/accident_etl_dag.py                           1           0  0.54s           2026-09-05T08:30:11
================================================================================
[2026-09-05T08:30:46.867+0000] {manager.py:879} INFO - 
================================================================================
DAG File Processing Stats

File Path                              PID    Runtime      # DAGs    # Errors  Last Runtime    Last Run
-------------------------------------  -----  ---------  --------  ----------  --------------  -------------------
/opt/airflow/dags/accident_etl_dag.py                           1           0  0.45s           2026-09-05T08:30:42
================================================================================
[2026-09-05T08:31:17.001+0000] {manager.py:879} INFO - 
================================================================================
DAG File Processing Stats

File Path                              PID    Runtime      # DAGs    # Errors  Last Runtime    Last Run
-------------------------------------  -----  ---------  --------  ----------  --------------  -------------------
/opt/airflow/dags/accident_etl_dag.py                           1           0  0.77s           2026-09-05T08:31:13
================================================================================
[2026-09-05T08:31:47.334+0000] {manager.py:879} INFO - 
================================================================================
DAG File Processing Stats

File Path                              PID    Runtime      # DAGs    # Errors  Last Runtime    Last Run
-------------------------------------  -----  ---------  --------  ----------  --------------  -------------------
/opt/airflow/dags/accident_etl_dag.py                           1           0  0.60s           2026-09-05T08:31:31
================================================================================
[2026-09-05T08:32:17.887+0000] {manager.py:879} INFO - 
================================================================================
DAG File Processing Stats

File Path                              PID    Runtime      # DAGs    # Errors  Last Runtime    Last Run
-------------------------------------  -----  ---------  --------  ----------  --------------  -------------------
/opt/airflow/dags/accident_etl_dag.py                           1           0  0.41s           2026-09-05T08:32:02
================================================================================
[2026-09-05T08:32:48.022+0000] {manager.py:879} INFO - 
================================================================================
DAG File Processing Stats

File Path                              PID    Runtime      # DAGs    # Errors  Last Runtime    Last Run
-------------------------------------  -----  ---------  --------  ----------  --------------  -------------------
/opt/airflow/dags/accident_etl_dag.py                           1           0  0.64s           2026-09-05T08:32:32
================================================================================
[2026-09-05T08:33:08.163+0000] {manager.py:738} INFO - Searching for files in /opt/airflow/dags
[2026-09-05T08:33:08.168+0000] {manager.py:741} INFO - There are 1 files in /opt/airflow/dags
[2026-09-05T08:33:18.215+0000] {manager.py:879} INFO - 
================================================================================
DAG File Processing Stats

File Path                              PID    Runtime      # DAGs    # Errors  Last Runtime    Last Run
-------------------------------------  -----  ---------  --------  ----------  --------------  -------------------
/opt/airflow/dags/accident_etl_dag.py                           1           0  1.37s           2026-09-05T08:33:04
================================================================================
[2026-09-05T08:33:48.650+0000] {manager.py:879} INFO - 
================================================================================
DAG File Processing Stats

File Path                              PID    Runtime      # DAGs    # Errors  Last Runtime    Last Run
-------------------------------------  -----  ---------  --------  ----------  --------------  -------------------
/opt/airflow/dags/accident_etl_dag.py                           1           0  0.44s           2026-09-05T08:33:35
================================================================================
[2026-09-05T08:34:18.821+0000] {manager.py:879} INFO - 
================================================================================
DAG File Processing Stats

File Path                              PID    Runtime      # DAGs    # Errors  Last Runtime    Last Run
-------------------------------------  -----  ---------  --------  ----------  --------------  -------------------
/opt/airflow/dags/accident_etl_dag.py                           1           0  0.86s           2026-09-05T08:34:06
================================================================================
[2026-09-05T08:34:49.215+0000] {manager.py:879} INFO - 
================================================================================
DAG File Processing Stats

File Path                              PID    Runtime      # DAGs    # Errors  Last Runtime    Last Run
-------------------------------------  -----  ---------  --------  ----------  --------------  -------------------
/opt/airflow/dags/accident_etl_dag.py                           1           0  0.56s           2026-09-05T08:34:36
================================================================================
[2026-09-05T08:35:19.338+0000] {manager.py:879} INFO - 
================================================================================
DAG File Processing Stats

File Path                              PID    Runtime      # DAGs    # Errors  Last Runtime    Last Run
-------------------------------------  -----  ---------  --------  ----------  --------------  -------------------
/opt/airflow/dags/accident_etl_dag.py                           1           0  0.98s           2026-09-05T08:35:07
================================================================================
[2026-09-05T08:35:49.453+0000] {manager.py:879} INFO - 
================================================================================
DAG File Processing Stats

File Path                              PID    Runtime      # DAGs    # Errors  Last Runtime    Last Run
-------------------------------------  -----  ---------  --------  ----------  --------------  -------------------
/opt/airflow/dags/accident_etl_dag.py                           1           0  0.57s           2026-09-05T08:35:38
================================================================================
[2026-09-05T08:36:19.622+0000] {manager.py:879} INFO - 
================================================================================
DAG File Processing Stats

File Path                              PID    Runtime      # DAGs    # Errors  Last Runtime    Last Run
-------------------------------------  -----  ---------  --------  ----------  --------------  -------------------
/opt/airflow/dags/accident_etl_dag.py                           1           0  0.54s           2026-09-05T08:36:09
================================================================================
[2026-09-05T08:36:49.716+0000] {manager.py:879} INFO - 
================================================================================
DAG File Processing Stats

File Path                              PID    Runtime      # DAGs    # Errors  Last Runtime    Last Run
-------------------------------------  -----  ---------  --------  ----------  --------------  -------------------
/opt/airflow/dags/accident_etl_dag.py                           1           0  0.50s           2026-09-05T08:36:39
================================================================================
[2026-09-05T08:37:20.352+0000] {manager.py:879} INFO - 
================================================================================
DAG File Processing Stats

File Path                              PID    Runtime      # DAGs    # Errors  Last Runtime    Last Run
-------------------------------------  -----  ---------  --------  ----------  --------------  -------------------
/opt/airflow/dags/accident_etl_dag.py                           1           0  0.60s           2026-09-05T08:37:10
================================================================================
[2026-09-05T08:37:50.535+0000] {manager.py:879} INFO - 
================================================================================
DAG File Processing Stats

File Path                              PID    Runtime      # DAGs    # Errors  Last Runtime    Last Run
-------------------------------------  -----  ---------  --------  ----------  --------------  -------------------
/opt/airflow/dags/accident_etl_dag.py                           1           0  0.60s           2026-09-05T08:37:41
================================================================================
[2026-09-05T08:38:08.608+0000] {manager.py:738} INFO - Searching for files in /opt/airflow/dags
[2026-09-05T08:38:08.618+0000] {manager.py:741} INFO - There are 1 files in /opt/airflow/dags
[2026-09-05T08:38:20.683+0000] {manager.py:879} INFO - 
================================================================================
DAG File Processing Stats

File Path                              PID    Runtime      # DAGs    # Errors  Last Runtime    Last Run
-------------------------------------  -----  ---------  --------  ----------  --------------  -------------------
/opt/airflow/dags/accident_etl_dag.py                           1           0  0.60s           2026-09-05T08:38:11
================================================================================
[2026-09-05T08:38:50.880+0000] {manager.py:879} INFO - 
================================================================================
DAG File Processing Stats

File Path                              PID    Runtime      # DAGs    # Errors  Last Runtime    Last Run
-------------------------------------  -----  ---------  --------  ----------  --------------  -------------------
/opt/airflow/dags/accident_etl_dag.py                           1           0  0.54s           2026-09-05T08:38:42
================================================================================
[2026-09-05T08:39:21.000+0000] {manager.py:879} INFO - 
================================================================================
DAG File Processing Stats

File Path                              PID    Runtime      # DAGs    # Errors  Last Runtime    Last Run
-------------------------------------  -----  ---------  --------  ----------  --------------  -------------------
/opt/airflow/dags/accident_etl_dag.py                           1           0  0.67s           2026-09-05T08:39:13
================================================================================
[2026-09-05T08:39:51.214+0000] {manager.py:879} INFO - 
================================================================================
DAG File Processing Stats

File Path                              PID    Runtime      # DAGs    # Errors  Last Runtime    Last Run
-------------------------------------  -----  ---------  --------  ----------  --------------  -------------------
/opt/airflow/dags/accident_etl_dag.py                           1           0  0.49s           2026-09-05T08:39:43
================================================================================
[2026-09-05T08:40:21.336+0000] {manager.py:879} INFO - 
================================================================================
DAG File Processing Stats

File Path                              PID    Runtime      # DAGs    # Errors  Last Runtime    Last Run
-------------------------------------  -----  ---------  --------  ----------  --------------  -------------------
/opt/airflow/dags/accident_etl_dag.py                           1           0  0.52s           2026-09-05T08:40:14
================================================================================
[2026-09-05T08:40:51.461+0000] {manager.py:879} INFO - 
================================================================================
DAG File Processing Stats

File Path                              PID    Runtime      # DAGs    # Errors  Last Runtime    Last Run
-------------------------------------  -----  ---------  --------  ----------  --------------  -------------------
/opt/airflow/dags/accident_etl_dag.py                           1           0  0.61s           2026-09-05T08:40:45
================================================================================
[2026-09-05T08:41:21.573+0000] {manager.py:879} INFO - 
================================================================================
DAG File Processing Stats

File Path                              PID    Runtime      # DAGs    # Errors  Last Runtime    Last Run
-------------------------------------  -----  ---------  --------  ----------  --------------  -------------------
/opt/airflow/dags/accident_etl_dag.py                           1           0  0.51s           2026-09-05T08:41:15
================================================================================
[2026-09-05T08:41:51.798+0000] {manager.py:879} INFO - 
================================================================================
DAG File Processing Stats

File Path                              PID    Runtime      # DAGs    # Errors  Last Runtime    Last Run
-------------------------------------  -----  ---------  --------  ----------  --------------  -------------------
/opt/airflow/dags/accident_etl_dag.py                           1           0  0.52s           2026-09-05T08:41:46
================================================================================
[2026-09-05T08:42:21.914+0000] {manager.py:879} INFO - 
================================================================================
DAG File Processing Stats

File Path                              PID    Runtime      # DAGs    # Errors  Last Runtime    Last Run
-------------------------------------  -----  ---------  --------  ----------  --------------  -------------------
/opt/airflow/dags/accident_etl_dag.py                           1           0  0.53s           2026-09-05T08:42:16
================================================================================
[2026-09-05T08:42:52.054+0000] {manager.py:879} INFO - 
================================================================================
DAG File Processing Stats

File Path                              PID    Runtime      # DAGs    # Errors  Last Runtime    Last Run
-------------------------------------  -----  ---------  --------  ----------  --------------  -------------------
/opt/airflow/dags/accident_etl_dag.py                           1           0  0.51s           2026-09-05T08:42:47
================================================================================
[2026-09-05T08:43:09.119+0000] {manager.py:738} INFO - Searching for files in /opt/airflow/dags
[2026-09-05T08:43:09.123+0000] {manager.py:741} INFO - There are 1 files in /opt/airflow/dags
[2026-09-05T08:43:22.181+0000] {manager.py:879} INFO - 
================================================================================
DAG File Processing Stats

File Path                              PID    Runtime      # DAGs    # Errors  Last Runtime    Last Run
-------------------------------------  -----  ---------  --------  ----------  --------------  -------------------
/opt/airflow/dags/accident_etl_dag.py                           1           0  0.52s           2026-09-05T08:43:18
================================================================================
[2026-09-05T08:43:52.775+0000] {manager.py:879} INFO - 
================================================================================
DAG File Processing Stats

File Path                              PID    Runtime      # DAGs    # Errors  Last Runtime    Last Run
-------------------------------------  -----  ---------  --------  ----------  --------------  -------------------
/opt/airflow/dags/accident_etl_dag.py                           1           0  0.62s           2026-09-05T08:43:48
================================================================================
[2026-09-05T08:44:23.010+0000] {manager.py:879} INFO - 
================================================================================
DAG File Processing Stats

File Path                              PID    Runtime      # DAGs    # Errors  Last Runtime    Last Run
-------------------------------------  -----  ---------  --------  ----------  --------------  -------------------
/opt/airflow/dags/accident_etl_dag.py                           1           0  0.51s           2026-09-05T08:44:19
================================================================================
[2026-09-05T08:44:53.141+0000] {manager.py:879} INFO - 
================================================================================
DAG File Processing Stats

File Path                              PID    Runtime      # DAGs    # Errors  Last Runtime    Last Run
-------------------------------------  -----  ---------  --------  ----------  --------------  -------------------
/opt/airflow/dags/accident_etl_dag.py                           1           0  0.75s           2026-09-05T08:44:50
================================================================================
[2026-09-05T08:45:23.497+0000] {manager.py:879} INFO - 
================================================================================
DAG File Processing Stats

File Path                              PID    Runtime      # DAGs    # Errors  Last Runtime    Last Run
-------------------------------------  -----  ---------  --------  ----------  --------------  -------------------
/opt/airflow/dags/accident_etl_dag.py                           1           0  0.51s           2026-09-05T08:45:20
================================================================================
[2026-09-05T08:45:53.718+0000] {manager.py:879} INFO - 
================================================================================
DAG File Processing Stats

File Path                              PID    Runtime      # DAGs    # Errors  Last Runtime    Last Run
-------------------------------------  -----  ---------  --------  ----------  --------------  -------------------
/opt/airflow/dags/accident_etl_dag.py                           1           0  0.98s           2026-09-05T08:45:52
================================================================================
[2026-09-05T08:46:23.760+0000] {manager.py:879} INFO - 
================================================================================
DAG File Processing Stats

File Path                              PID    Runtime      # DAGs    # Errors  Last Runtime    Last Run
-------------------------------------  -----  ---------  --------  ----------  --------------  -------------------
/opt/airflow/dags/accident_etl_dag.py                           1           0  0.50s           2026-09-05T08:46:22
================================================================================
[2026-09-05T08:46:54.371+0000] {manager.py:879} INFO - 
================================================================================
DAG File Processing Stats

File Path                              PID    Runtime      # DAGs    # Errors  Last Runtime    Last Run
-------------------------------------  -----  ---------  --------  ----------  --------------  -------------------
/opt/airflow/dags/accident_etl_dag.py                           1           0  0.51s           2026-09-05T08:46:53
================================================================================
[2026-09-05T08:47:24.535+0000] {manager.py:879} INFO - 
================================================================================
DAG File Processing Stats

File Path                                PID  Runtime      # DAGs    # Errors  Last Runtime    Last Run
-------------------------------------  -----  ---------  --------  ----------  --------------  -------------------
/opt/airflow/dags/accident_etl_dag.py    551  1.02s             1           0  0.51s           2026-09-05T08:46:53
================================================================================
[2026-09-05T08:47:54.722+0000] {manager.py:879} INFO - 
================================================================================
DAG File Processing Stats

File Path                                PID  Runtime      # DAGs    # Errors  Last Runtime    Last Run
-------------------------------------  -----  ---------  --------  ----------  --------------  -------------------
/opt/airflow/dags/accident_etl_dag.py    557  0.01s             1           0  1.04s           2026-09-05T08:47:24
================================================================================
[2026-09-05T08:48:09.586+0000] {manager.py:738} INFO - Searching for files in /opt/airflow/dags
[2026-09-05T08:48:09.596+0000] {manager.py:741} INFO - There are 1 files in /opt/airflow/dags
[2026-09-05T08:48:24.876+0000] {manager.py:879} INFO - 
================================================================================
DAG File Processing Stats

File Path                              PID    Runtime      # DAGs    # Errors  Last Runtime    Last Run
-------------------------------------  -----  ---------  --------  ----------  --------------  -------------------
/opt/airflow/dags/accident_etl_dag.py                           1           0  0.83s           2026-09-05T08:47:55
================================================================================
[2026-09-05T08:48:54.994+0000] {manager.py:879} INFO - 
================================================================================
DAG File Processing Stats

File Path                              PID    Runtime      # DAGs    # Errors  Last Runtime    Last Run
-------------------------------------  -----  ---------  --------  ----------  --------------  -------------------
/opt/airflow/dags/accident_etl_dag.py                           1           0  0.51s           2026-09-05T08:48:26
================================================================================
[2026-09-05T08:49:25.100+0000] {manager.py:879} INFO - 
================================================================================
DAG File Processing Stats

File Path                              PID    Runtime      # DAGs    # Errors  Last Runtime    Last Run
-------------------------------------  -----  ---------  --------  ----------  --------------  -------------------
/opt/airflow/dags/accident_etl_dag.py                           1           0  0.67s           2026-09-05T08:48:56
================================================================================
[2026-09-05T08:49:55.527+0000] {manager.py:879} INFO - 
================================================================================
DAG File Processing Stats

File Path                              PID    Runtime      # DAGs    # Errors  Last Runtime    Last Run
-------------------------------------  -----  ---------  --------  ----------  --------------  -------------------
/opt/airflow/dags/accident_etl_dag.py                           1           0  0.74s           2026-09-05T08:49:27
================================================================================
[2026-09-05T08:50:25.640+0000] {manager.py:879} INFO - 
================================================================================
DAG File Processing Stats

File Path                              PID    Runtime      # DAGs    # Errors  Last Runtime    Last Run
-------------------------------------  -----  ---------  --------  ----------  --------------  -------------------
/opt/airflow/dags/accident_etl_dag.py                           1           0  0.62s           2026-09-05T08:49:58
================================================================================
[2026-09-05T08:50:55.799+0000] {manager.py:879} INFO - 
================================================================================
DAG File Processing Stats

File Path                              PID    Runtime      # DAGs    # Errors  Last Runtime    Last Run
-------------------------------------  -----  ---------  --------  ----------  --------------  -------------------
/opt/airflow/dags/accident_etl_dag.py                           1           0  0.51s           2026-09-05T08:50:35
================================================================================
[2026-09-05T08:51:25.919+0000] {manager.py:879} INFO - 
================================================================================
DAG File Processing Stats

File Path                              PID    Runtime      # DAGs    # Errors  Last Runtime    Last Run
-------------------------------------  -----  ---------  --------  ----------  --------------  -------------------
/opt/airflow/dags/accident_etl_dag.py                           1           0  0.56s           2026-09-05T08:51:05
================================================================================
[2026-09-05T08:51:56.080+0000] {manager.py:879} INFO - 
================================================================================
DAG File Processing Stats

File Path                              PID    Runtime      # DAGs    # Errors  Last Runtime    Last Run
-------------------------------------  -----  ---------  --------  ----------  --------------  -------------------
/opt/airflow/dags/accident_etl_dag.py                           1           0  0.54s           2026-09-05T08:51:36
================================================================================
[2026-09-05T08:52:26.250+0000] {manager.py:879} INFO - 
================================================================================
DAG File Processing Stats

File Path                              PID    Runtime      # DAGs    # Errors  Last Runtime    Last Run
-------------------------------------  -----  ---------  --------  ----------  --------------  -------------------
/opt/airflow/dags/accident_etl_dag.py                           1           0  0.63s           2026-09-05T08:52:07
================================================================================
[2026-09-05T08:52:56.450+0000] {manager.py:879} INFO - 
================================================================================
DAG File Processing Stats

File Path                              PID    Runtime      # DAGs    # Errors  Last Runtime    Last Run
-------------------------------------  -----  ---------  --------  ----------  --------------  -------------------
/opt/airflow/dags/accident_etl_dag.py                           1           0  0.63s           2026-09-05T08:52:37
================================================================================
[2026-09-05T08:53:10.503+0000] {manager.py:738} INFO - Searching for files in /opt/airflow/dags
[2026-09-05T08:53:10.505+0000] {manager.py:741} INFO - There are 1 files in /opt/airflow/dags
[2026-09-05T08:53:26.577+0000] {manager.py:879} INFO - 
================================================================================
DAG File Processing Stats

File Path                              PID    Runtime      # DAGs    # Errors  Last Runtime    Last Run
-------------------------------------  -----  ---------  --------  ----------  --------------  -------------------
/opt/airflow/dags/accident_etl_dag.py                           1           0  0.51s           2026-09-05T08:53:08
================================================================================
[2026-09-05T08:53:57.240+0000] {manager.py:879} INFO - 
================================================================================
DAG File Processing Stats

File Path                              PID    Runtime      # DAGs    # Errors  Last Runtime    Last Run
-------------------------------------  -----  ---------  --------  ----------  --------------  -------------------
/opt/airflow/dags/accident_etl_dag.py                           1           0  0.50s           2026-09-05T08:53:30
================================================================================
[2026-09-05T08:54:27.361+0000] {manager.py:879} INFO - 
================================================================================
DAG File Processing Stats

File Path                              PID    Runtime      # DAGs    # Errors  Last Runtime    Last Run
-------------------------------------  -----  ---------  --------  ----------  --------------  -------------------
/opt/airflow/dags/accident_etl_dag.py                           1           0  0.50s           2026-09-05T08:54:00
================================================================================
[2026-09-05T08:54:57.462+0000] {manager.py:879} INFO - 
================================================================================
DAG File Processing Stats

File Path                              PID    Runtime      # DAGs    # Errors  Last Runtime    Last Run
-------------------------------------  -----  ---------  --------  ----------  --------------  -------------------
/opt/airflow/dags/accident_etl_dag.py                           1           0  0.50s           2026-09-05T08:54:31
================================================================================
[2026-09-05T08:55:28.097+0000] {manager.py:879} INFO - 
================================================================================
DAG File Processing Stats

File Path                              PID    Runtime      # DAGs    # Errors  Last Runtime    Last Run
-------------------------------------  -----  ---------  --------  ----------  --------------  -------------------
/opt/airflow/dags/accident_etl_dag.py                           1           0  0.56s           2026-09-05T08:55:02
================================================================================
[2026-09-05T08:55:58.232+0000] {manager.py:879} INFO - 
================================================================================
DAG File Processing Stats

File Path                              PID    Runtime      # DAGs    # Errors  Last Runtime    Last Run
-------------------------------------  -----  ---------  --------  ----------  --------------  -------------------
/opt/airflow/dags/accident_etl_dag.py                           1           0  0.68s           2026-09-05T08:55:32
================================================================================
[2026-09-05T08:56:28.346+0000] {manager.py:879} INFO - 
================================================================================
DAG File Processing Stats

File Path                              PID    Runtime      # DAGs    # Errors  Last Runtime    Last Run
-------------------------------------  -----  ---------  --------  ----------  --------------  -------------------
/opt/airflow/dags/accident_etl_dag.py                           1           0  0.49s           2026-09-05T08:56:03
================================================================================
[2026-09-05T08:56:58.590+0000] {manager.py:879} INFO - 
================================================================================
DAG File Processing Stats

File Path                              PID    Runtime      # DAGs    # Errors  Last Runtime    Last Run
-------------------------------------  -----  ---------  --------  ----------  --------------  -------------------
/opt/airflow/dags/accident_etl_dag.py                           1           0  0.60s           2026-09-05T08:56:34
================================================================================
[2026-09-05T08:57:28.705+0000] {manager.py:879} INFO - 
================================================================================
DAG File Processing Stats

File Path                              PID    Runtime      # DAGs    # Errors  Last Runtime    Last Run
-------------------------------------  -----  ---------  --------  ----------  --------------  -------------------
/opt/airflow/dags/accident_etl_dag.py                           1           0  0.55s           2026-09-05T08:57:04
================================================================================
[2026-09-05T08:57:58.970+0000] {manager.py:879} INFO - 
================================================================================
DAG File Processing Stats

File Path                              PID    Runtime      # DAGs    # Errors  Last Runtime    Last Run
-------------------------------------  -----  ---------  --------  ----------  --------------  -------------------
/opt/airflow/dags/accident_etl_dag.py                           1           0  0.52s           2026-09-05T08:57:35
================================================================================
[2026-09-05T08:58:11.025+0000] {manager.py:738} INFO - Searching for files in /opt/airflow/dags
[2026-09-05T08:58:11.027+0000] {manager.py:741} INFO - There are 1 files in /opt/airflow/dags
[2026-09-05T08:58:29.109+0000] {manager.py:879} INFO - 
================================================================================
DAG File Processing Stats

File Path                              PID    Runtime      # DAGs    # Errors  Last Runtime    Last Run
-------------------------------------  -----  ---------  --------  ----------  --------------  -------------------
/opt/airflow/dags/accident_etl_dag.py                           1           0  0.53s           2026-09-05T08:58:06
================================================================================
[2026-09-05T08:58:59.747+0000] {manager.py:879} INFO - 
================================================================================
DAG File Processing Stats

File Path                              PID    Runtime      # DAGs    # Errors  Last Runtime    Last Run
-------------------------------------  -----  ---------  --------  ----------  --------------  -------------------
/opt/airflow/dags/accident_etl_dag.py                           1           0  0.57s           2026-09-05T08:58:58
================================================================================
[2026-09-05T08:59:30.119+0000] {manager.py:879} INFO - 
================================================================================
DAG File Processing Stats

File Path                              PID    Runtime      # DAGs    # Errors  Last Runtime    Last Run
-------------------------------------  -----  ---------  --------  ----------  --------------  -------------------
/opt/airflow/dags/accident_etl_dag.py                           1           0  0.55s           2026-09-05T08:59:24
================================================================================
[2026-09-05T09:00:00.134+0000] {manager.py:879} INFO - 
================================================================================
DAG File Processing Stats

File Path                              PID    Runtime      # DAGs    # Errors  Last Runtime    Last Run
-------------------------------------  -----  ---------  --------  ----------  --------------  -------------------
/opt/airflow/dags/accident_etl_dag.py                           1           0  0.60s           2026-09-05T08:59:55
================================================================================
[2026-09-05T09:00:30.656+0000] {manager.py:879} INFO - 
================================================================================
DAG File Processing Stats

File Path                              PID    Runtime      # DAGs    # Errors  Last Runtime    Last Run
-------------------------------------  -----  ---------  --------  ----------  --------------  -------------------
/opt/airflow/dags/accident_etl_dag.py                           1           0  0.53s           2026-09-05T09:00:25
================================================================================
[2026-09-05T09:01:00.871+0000] {manager.py:879} INFO - 
================================================================================
DAG File Processing Stats

File Path                              PID    Runtime      # DAGs    # Errors  Last Runtime    Last Run
-------------------------------------  -----  ---------  --------  ----------  --------------  -------------------
/opt/airflow/dags/accident_etl_dag.py                           1           0  0.49s           2026-09-05T09:00:56
================================================================================
[2026-09-05T09:01:30.996+0000] {manager.py:879} INFO - 
================================================================================
DAG File Processing Stats

File Path                              PID    Runtime      # DAGs    # Errors  Last Runtime    Last Run
-------------------------------------  -----  ---------  --------  ----------  --------------  -------------------
/opt/airflow/dags/accident_etl_dag.py                           1           0  0.61s           2026-09-05T09:01:27
================================================================================
[2026-09-05T09:02:01.175+0000] {manager.py:879} INFO - 
================================================================================
DAG File Processing Stats

File Path                              PID    Runtime      # DAGs    # Errors  Last Runtime    Last Run
-------------------------------------  -----  ---------  --------  ----------  --------------  -------------------
/opt/airflow/dags/accident_etl_dag.py                           1           0  0.50s           2026-09-05T09:01:57
================================================================================
[2026-09-05T09:02:31.294+0000] {manager.py:879} INFO - 
================================================================================
DAG File Processing Stats

File Path                              PID    Runtime      # DAGs    # Errors  Last Runtime    Last Run
-------------------------------------  -----  ---------  --------  ----------  --------------  -------------------
/opt/airflow/dags/accident_etl_dag.py                           1           0  0.63s           2026-09-05T09:02:28
================================================================================
[2026-09-05T09:03:01.472+0000] {manager.py:879} INFO - 
================================================================================
DAG File Processing Stats

File Path                              PID    Runtime      # DAGs    # Errors  Last Runtime    Last Run
-------------------------------------  -----  ---------  --------  ----------  --------------  -------------------
/opt/airflow/dags/accident_etl_dag.py                           1           0  0.57s           2026-09-05T09:02:58
================================================================================
[2026-09-05T09:03:11.510+0000] {manager.py:738} INFO - Searching for files in /opt/airflow/dags
[2026-09-05T09:03:11.516+0000] {manager.py:741} INFO - There are 1 files in /opt/airflow/dags
[2026-09-05T09:03:31.601+0000] {manager.py:879} INFO - 
================================================================================
DAG File Processing Stats

File Path                              PID    Runtime      # DAGs    # Errors  Last Runtime    Last Run
-------------------------------------  -----  ---------  --------  ----------  --------------  -------------------
/opt/airflow/dags/accident_etl_dag.py                           1           0  0.51s           2026-09-05T09:03:29
================================================================================
[2026-09-05T09:04:01.724+0000] {manager.py:879} INFO - 
================================================================================
DAG File Processing Stats

File Path                              PID    Runtime      # DAGs    # Errors  Last Runtime    Last Run
-------------------------------------  -----  ---------  --------  ----------  --------------  -------------------
/opt/airflow/dags/accident_etl_dag.py                           1           0  0.77s           2026-09-05T09:04:00
================================================================================
